Loading NTD facilities data...
Loaded 3,053 latest-year NTD facility agency records
Loading NTD TAM data...
Loaded 2,644 NTD TAM agency records
[1/820] Alabama__Huntsville_Shuttle__mdb_mdb-2081
[2/820] Alabama__Montgomery_Transit__mdb_mdb-338
[3/820] Alabama__Tuscaloosa_Transit_Authority__mdb_tld-7046
[4/820] Alaska__Anchorage_People_Mover__mdb_mdb-225
[5/820] Alaska__Capital_Transit__mdb_mdb-294
[6/820] Alaska__Inter-Island_Ferry__mdb_mdb-243
[7/820] Alaska__Ketchikan_Gateway_Borough__mdb_mdb-244
[8/820] Arizona__Bisbee_Bus__mdb_mdb-2857
[9/820] Arizona__Bullhead_Area_Transit_System__mdb_mdb-109
[10/820] Arizona__City_of_Sierra_Vista__mdb_tld-679
[11/820] Arizona__Cottonwood_Area_Transit_(CAT)__mdb_mdb-158
[12/820] Arizona__Grand_Canyon_National_Park__mdb_mdb-1905
[13/820] Arizona__Maricopa_Express_Transit__mdb_tld-6743
[14/820] Arizona__Mountain_Line_Transit__mdb_mdb-1979
[15/820] Arizona__Regional_Transportation_Authority_of_Pima_County__mdb_ntd-91122
[16/820] Arizona__Valley_Metro_(VM)__mdb_mdb-147
[17/820] Arizona__Yuma_County_Intergovernmental_Public_Transportation_Authority_(YCIPTA)__mdb_mdb-17
[18/820] Arkansas__City_of_Fort_Smith__mdb_ntd-60086
[19/820] Arkansas__Eureka_Springs_Transit__mdb_ntd-60161
[20/820] Arkansas__Ozark_Regional_Transit__mdb_tld-4470
[21/820] California__Alameda-Contra_Costa_Transit_District_(AC_Transit)__mdb_mdb-2455
[22/820] California__Altamont_Corridor_Express__mdb_mdb-2684
[23/820] California__Amador_Transit__mdb_mdb-92
[24/820] California__Amtrak__mdb_mdb-11
[25/820] California__Amtrak_San_Joaquins__mdb_mdb-2295
[26/820] California__Arcadia_Transit__mdb_mdb-2243
[27/820] California__Auburn_Transit__mdb_mdb-2275
[28/820] California__Baldwin_Park_Transit__mdb_mdb-2247
[29/820] California__Bay_Area_Rapid_Transit_(BART)__mdb_mdb-53
[30/820] California__Beach_Cities_Transit__mdb_mdb-1999
[31/820] California__Beaumont_Transit__mdb_mdb-106
[32/820] California__Big_Blue_Bus__mdb_mdb-37
[33/820] California__Blossom_Express__mdb_mdb-236
[34/820] California__BurbankBus__mdb_mdb-2149
[35/820] California__Butte_Regional_Transit_(B-Line)__mdb_ntd-90208
[36/820] California__Calaveras_Transit__mdb_mdb-93
[37/820] California__Caltrain__mdb_mdb-54
[38/820] California__Camarillo_Area_Transit__mdb_mdb-2234
[39/820] California__Capitol_Corridor_Joint_Powers_Authority_(Capitol_Corridor)__mdb_mdb-74
[40/820] California__Catalina_Express__mdb_mdb-299
[41/820] California__Cerritos_On_Wheels__mdb_tld-4667
[42/820] California__City_of_Banning_Transit__mdb_mdb-220
[43/820] California__City_of_Camarillo__mdb_ntd-90163
[44/820] California__City_of_Irvine__mdb_tld-6724
[45/820] California__City_of_San_Luis_Obispo_Transit__mdb_mdb-44
[46/820] California__City_of_Santa_Clarita_Transit__mdb_tld-1256
[47/820] California__City_of_Tracy_(TRACER)__mdb_mdb-3099
[48/820] California__Clovis_Transit__mdb_mdb-2894
[49/820] California__Commerce_Municipal_Bus_Lines__mdb_mdb-994
[50/820] California__Commute.org_San_Mateo_County_Shuttles__mdb_mdb-61
[51/820] California__Corona_Cruiser__mdb_mdb-104
[52/820] California__County_Connection_(CCCTA)__mdb_mdb-2421
[53/820] California__Dana_Point_Trolley__mdb_mdb-2361
[54/820] California__Delano_Area_Rapid_Transit__mdb_mdb-320
[55/820] California__Devils_Postpile_National_Monument__mdb_mdb-3206
[56/820] California__Eastern_Sierra_Transit__mdb_mdb-25
[57/820] California__El_Dorado_Transit__mdb_mdb-75
[58/820] California__Emery_Go-Round__mdb_mdb-2224
[59/820] California__eTrans__mdb_mdb-65
[60/820] California__Foothill_Transit__mdb_mdb-101
[61/820] California__Fresno_Area_Express_(FAX)__mdb_mdb-90
[62/820] California__Fresno_County_Rural_Transit_Agency_(FCRTA)__mdb_mdb-85
[63/820] California__Glenn_Transit_Service__mdb_mdb-3094
[64/820] California__Golden_Empire_Transit_District_(GET)__mdb_mdb-46
[65/820] California__Golden_Gate_National_Recreation_Area_(Alcatraz_Island)__mdb_mdb-3208
[66/820] California__Golden_Gate_Transit__mdb_mdb-67
[67/820] California__GrapeLine__mdb_mdb-83
[68/820] California__GTrans__mdb_mdb-2270
[69/820] California__Humboldt_Transit_Authority__mdb_mdb-3032
[70/820] California__Kern_Transit__mdb_mdb-47
[71/820] California__Kings_Area_Rural_Transit__mdb_mdb-2204
[72/820] California__Laguna_Beach_Transit_(LBT)__mdb_mdb-16
[73/820] California__Lake_Transit_Authority_(LTA)__mdb_mdb-68
[74/820] California__Lassen_Rural_Bus_(LRB)__mdb_mdb-118
[75/820] California__Lawndale_Beat__mdb_mdb-36
[76/820] California__Long_Beach_Transit_(LBT)__mdb_mdb-1198
[77/820] California__Los_Angeles_County_Department_of_Public_Works_(the_LINK_and_shuttles)__mdb_mdb-28
[78/820] California__Los_Angeles_County_Metropolitan_Transportation_Authority_(LA_Metro)__mdb_mdb-29
[79/820] California__Los_Angeles_County_Metropolitan_Transportation_Authority_(LA_Metro)__mdb_mdb-30
[80/820] California__Los_Angeles_County_Shuttles__mdb_tld-1253
[81/820] California__Los_Angeles_Department_of_Transportation_(LADOT,_DASH,_Commuter_Express)__mdb_mdb-1210
[82/820] California__Madera_County_Transit__mdb_mdb-572
[83/820] California__Marin_Transit__mdb_mdb-2937
[84/820] California__Mendocino_Transit_Authority__mdb_mdb-69
[85/820] California__Merced_County_Transit_(The_Bus)__mdb_mdb-3117
[86/820] California__Mission_Bay_Transportation_Management_Association_(TMA)__mdb_mdb-51
[87/820] California__Mission_Viejo__mdb_tld-7930
[88/820] California__Montebello_Bus_Lines__mdb_mdb-2201
[89/820] California__Monterey-Salinas_Transit_(MST)__mdb_mdb-56
[90/820] California__Moorpark_City_Transit__mdb_mdb-578
[91/820] California__Morongo_Basin_Transit_Authority__mdb_mdb-579
[92/820] California__Mountain_Transit__mdb_mdb-107
[93/820] California__Mountain_View_Community_Shuttle__mdb_mdb-2883
[94/820] California__Mountain_View_Transportation_Management_Association_(MVgo)__mdb_mdb-2880
[95/820] California__Needles_Area_Transit__mdb_mdb-583
[96/820] California__North_Lake_Tahoe_Express__mdb_mdb-2328
[97/820] California__Norwalk_Transit_System__mdb_tld-881
[98/820] California__OmniTrans__mdb_mdb-97
[99/820] California__Orange_County_Transportation_Authority_(OCTA)__mdb_mdb-15
[100/820] California__Palo_Verde_Valley_Transit_Agency__mdb_mdb-2190
[101/820] California__Palos_Verdes_Peninsula_Transit_Authority_(PVPTA)__mdb_mdb-35
[102/820] California__Pasadena_Transit__mdb_mdb-41
[103/820] California__Petaluma_Transit__mdb_mdb-2947
[104/820] California__Placer_County_Transit__mdb_mdb-77
[105/820] California__Plumas_Transit__mdb_mdb-119
[106/820] California__Redding_Area_Bus_Authority__mdb_mdb-3031
[107/820] California__Riverside_Transit_Agency__mdb_mdb-98
[108/820] California__Rosemead_Explorer__mdb_mdb-3098
[109/820] California__Roseville_Transit__mdb_mdb-1067
[110/820] California__SamTrans__mdb_mdb-2708
[111/820] California__San_Benito_County_Express_(SBCE)__mdb_mdb-58
[112/820] California__San_Clemente_Trolley__mdb_mdb-2362
[113/820] California__San_Diego_International_Airport,_Metropolitan_Transit_System_(MTS)__mdb_mdb-13
[114/820] California__San_Francisco_Bay_Area_Water_Emergency_Transportation_Authority_(WETA)__mdb_mdb-3143
[115/820] California__San_Joaquin_Regional_Transit_District_(RTD)__mdb_mdb-886
[116/820] California__San_Juan_Capistrano_Free_Weekend_Trolley__mdb_mdb-2235
[117/820] California__San_Luis_Obispo_Regional_Transit_Authority_(SLORTA)__mdb_mdb-43
[118/820] California__Santa_Barbara_Metropolitan_Transit_District_(MTD)__mdb_mdb-1246
[119/820] California__Santa_Clara_Valley_Transportation_Authority_(VTA)__mdb_mdb-57
[120/820] California__Santa_Clarita_Transit__mdb_mdb-812
[121/820] California__Santa_Cruz_Metro_(SCMTD)__mdb_mdb-2425
[122/820] California__Santa_Maria_Area_Transit__mdb_mdb-2272
[123/820] California__Santa_Rosa_CityBus__mdb_mdb-2948
[124/820] California__Santa_Ynez_Valley_Transit__mdb_mdb-813
[125/820] California__Santa_Ynez_Valley_Transit__mdb_tld-1301
[126/820] California__Simi_Valley_Transit__mdb_mdb-40
[127/820] California__Siskiyou_County__mdb_mdb-117
[128/820] California__SolTrans__mdb_mdb-80
[129/820] California__Sonoma_County_Transit_(SCT)__mdb_mdb-70
[130/820] California__Sonoma_Marin_Area_Rail_Transit_(SMART)__mdb_mdb-3222
[131/820] California__Spirit_Bus__mdb_mdb-2202
[132/820] California__Stanford_Marguerite_Shuttle_(SMS)__mdb_mdb-59
[133/820] California__Stanislaus_Regional_Transit_(StaRT)__mdb_mdb-2273
[134/820] California__SunLine_Transit_Agency__mdb_tld-461
[135/820] California__Taft_Area_Transit__mdb_mdb-2236
[136/820] California__Tahoe_Area_Regional_Transit_(TART),_North_Lake_Tahoe_Express__mdb_mdb-94
[137/820] California__Tahoe_Transportation_District__mdb_mdb-897
[138/820] California__Thousand_Oaks_Transit__mdb_mdb-3100
[139/820] California__Tri_Delta_Transit__mdb_mdb-1974
[140/820] California__Tri_Delta_Transit__mdb_ntd-90162
[141/820] California__Trinity_Transit__mdb_mdb-2709
[142/820] California__Tulare_County_Area_Transit_(TCAT)__mdb_mdb-646
[143/820] California__Turlock_Transit__mdb_mdb-619
[144/820] California__Unitrans__mdb_mdb-82
[145/820] California__Ventura_County_Transportation_Commission__mdb_mdb-3096
[146/820] California__VINE_Transit__mdb_mdb-1288
[147/820] California__Visalia_Transit__mdb_ntd-90091
[148/820] California__West_Berkeley_Shuttle__mdb_mdb-2238
[149/820] California__WestCAT__mdb_mdb-78
[150/820] California__Yosemite_Area_Regional_Transportation_System_(YARTS)__mdb_mdb-2394
[151/820] California__Yosemite_National_Park__mdb_tld-6679
[152/820] California__Yosemite_National_Park__mdb_tld-6681
[153/820] California__Yuba-Sutter_Transit__mdb_mdb-79
[154/820] Colorado__All_Points_Transit__mdb_mdb-2039
[155/820] Colorado__All_Points_Transit__mdb_mdb-212
[156/820] Colorado__Avon_Transit__mdb_mdb-2433
[157/820] Colorado__Baca_Area_Transportation__mdb_mdb-1087
[158/820] Colorado__Blackhawk_and_Central_City_Tramway__mdb_mdb-2041
[159/820] Colorado__Blackhawk_and_Central_City_Tramway__mdb_mdb-234
[160/820] Colorado__Bustang_Outrider__mdb_mdb-2330
[161/820] Colorado__City_of_Fountain_Transit__mdb_mdb-309
[162/820] Colorado__Clear_Creek_County_Transit__mdb_mdb-313
[163/820] Colorado__Colorado_Mountain_Express__mdb_mdb-172
[164/820] Colorado__Colorado_School_Of_Mines__mdb_mdb-2413
[165/820] Colorado__Cripple_Creek_Transportation__mdb_mdb-2042
[166/820] Colorado__Cripple_Creek_Transportation__mdb_mdb-317
[167/820] Colorado__Durango_Transit__mdb_mdb-456
[168/820] Colorado__Envida__mdb_mdb-2044
[169/820] Colorado__Envida__mdb_mdb-455
[170/820] Colorado__Estes_Transit__mdb_mdb-2047
[171/820] Colorado__Estes_Transit__mdb_mdb-459
[172/820] Colorado__Greeley-Evans_Transit_(GET)__mdb_mdb-2076
[173/820] Colorado__Gunnison_Valley_Transportation_Authority_(RTA)__mdb_mdb-163
[174/820] Colorado__Home_James__mdb_mdb-607
[175/820] Colorado__Kiowa_County_Transit__mdb_mdb-2169
[176/820] Colorado__Lake_County_Senior_Center_Transportation_Program__mdb_mdb-2291
[177/820] Colorado__Outback_Express__mdb_mdb-2306
[178/820] Colorado__Parachute_Area_Transit_System__mdb_tld-5746
[179/820] Colorado__Prairie_Express_Transit__mdb_mdb-801
[180/820] Colorado__Pueblo_Transit__mdb_mdb-1232
[181/820] Colorado__Pueblo_Transit__mdb_mdb-2232
[182/820] Colorado__Regional_Transportation_District_(RTD)__mdb_mdb-178
[183/820] Colorado__Regional_Transportation_District_(RTD)__mdb_mdb-2280
[184/820] Colorado__Regional_Transportation_District__mdb_mdb-2054
[185/820] Colorado__RoadrunnerTransit__mdb_mdb-805
[186/820] Colorado__Roaring_Fork_Transportation_Authority__mdb_mdb-2278
[187/820] Colorado__Rocky_Mountain_National_Park__mdb_mdb-3211
[188/820] Colorado__Rocky_Mountain_National_Park_Shuttles__mdb_mdb-176
[189/820] Colorado__Routt_County_Council_on_Aging_(RCCOCA)_Transportation__mdb_mdb-2178
[190/820] Colorado__San_Miguel_County__mdb_mdb-2195
[191/820] Colorado__Snowmass_Village_Transportation__mdb_mdb-164
[192/820] Colorado__South_Central_Council_of_Governments_(SCCOG)__mdb_mdb-2181
[193/820] Colorado__Steamboat_Springs_Transit,_Yellow_Zone__mdb_tld-5757
[194/820] Colorado__Steamboat_Springs_Transit__mdb_mdb-2051
[195/820] Colorado__Summit_Stage__mdb_mdb-820
[196/820] Colorado__Teller_Senior_Coalition_Transit_(TSC_Transit)__mdb_mdb-827
[197/820] Colorado__Town_of_Estes_Park__mdb_mdb-177
[198/820] Colorado__Town_of_Telluride__mdb_mdb-2050
[199/820] Colorado__University_of_Colorado_Boulder__mdb_mdb-181
[200/820] Colorado__Upper_Arkansas_Area_Council_of_Governments__mdb_mdb-2188
[201/820] Colorado__Vail_Transit__mdb_mdb-174
[202/820] Colorado__Via_Mobility__mdb_mdb-2395
[203/820] Colorado__Winter_Park_Transit__mdb_mdb-175
[204/820] Connecticut__Connecticut_Transit__mdb_mdb-2840
[205/820] Connecticut__Connecticut_Transit__mdb_mdb-553
[206/820] Connecticut__Greater_Bridgeport_Transit__mdb_mdb-530
[207/820] Connecticut__Housatonic_Area_Regional_Transit__mdb_tld-4385
[208/820] Connecticut__Metro-North_Railroad__mdb_mdb-524
[209/820] Connecticut__Middletown_Area_Transit_(MAT)__mdb_mdb-551
[210/820] Connecticut__Milford_Transit_District__mdb_ntd-10107
[211/820] Connecticut__Norwalk_Transit_System_(NTS)__mdb_mdb-2242
[212/820] Connecticut__Pioneer_Valley_Transit_Authority_(PVTA)__mdb_mdb-2416
[213/820] Connecticut__River_Valley_Transit__mdb_tld-5750
[214/820] Connecticut__Southeast_Area_Transit_District__mdb_mdb-2240
[215/820] Connecticut__University_of_Connecticut_(UCONN___WRTD)__mdb_tld-4473
[216/820] Delaware__Delaware_Transit_Corporation_(DART_First_State)__mdb_mdb-1235
[217/820] Delaware__Southeastern_Pennsylvania_Transportation_Authority_(SEPTA)__mdb_mdb-502
[218/820] Delaware__Southeastern_Pennsylvania_Transportation_Authority_(SEPTA)__mdb_mdb-503
[219/820] District_of_Columbia__Fairfax_Connector__mdb_mdb-483
[220/820] District_of_Columbia__Maryland_Transit_Administration__mdb_mdb-467
[221/820] District_of_Columbia__Maryland_Transit_Administration__mdb_mdb-468
[222/820] District_of_Columbia__Virginia_Breeze__mdb_mdb-3506
[223/820] District_of_Columbia__Virginia_Railway_Express__mdb_tld-61
[224/820] District_of_Columbia__Washington_Metropolitan_Area_Transit_Authority_(WMATA)__mdb_mdb-1846
[225/820] District_of_Columbia__Washington_Metropolitan_Area_Transit_Authority_(WMATA)__mdb_mdb-1847
[226/820] Florida__Brightline_Trains_LLC__mdb_mdb-1126
[227/820] Florida__Broward_County_Transit__mdb_mdb-330
[228/820] Florida__Central_Florida_Regional_Transit_Authority_(LYNX)__mdb_mdb-347
[229/820] Florida__City_of_Miami_Beach__mdb_mdb-2322
[230/820] Florida__City_of_Miami_Gardens__mdb_mdb-2323
[231/820] Florida__Collier_Area_Transit_(CAT)__mdb_mdb-2259
[232/820] Florida__Dry_Tortugas_National_Park__mdb_mdb-3207
[233/820] Florida__Florida_Department_of_Transportation_(SunRail)__mdb_mdb-626
[234/820] Florida__Fort_Matanzas_National_Monument__mdb_tld-6905
[235/820] Florida__Gulf_Islands_National_Seashore__mdb_mdb-3209
[236/820] Florida__Hendry_County_Transit_System__mdb_tld-7914
[237/820] Florida__Hillsborough_Area_Regional_Transit_(HART)__mdb_mdb-325
[238/820] Florida__I-RIDE_Trolley_(I-RIDE)__mdb_mdb-1143
[239/820] Florida__Indian_River_Transit__mdb_ntd-40104
[240/820] Florida__Jacksonville_Transportation_Authority__mdb_tld-764
[241/820] Florida__Lake_County_Connection__mdb_mdb-2255
[242/820] Florida__Lakeland_Area_Mass_Transit_District__mdb_tld-5899
[243/820] Florida__LauderGO!_Water_Trolley__mdb_ntd-44929
[244/820] Florida__LeeTran__mdb_mdb-324
[245/820] Florida__Manatee_County_Area_Transit__mdb_mdb-2258
[246/820] Florida__Martin_County_Public_Transit__mdb_tld-4506
[247/820] Florida__Miami-Dade_Transit__mdb_mdb-331
[248/820] Florida__National_Park_Service__mdb_tld-6676
[249/820] Florida__Palm_Tran__mdb_mdb-332
[250/820] Florida__Sarasota_County_Area_Transit_(SCAT)__mdb_mdb-348
[251/820] Florida__South_Florida_Regional_Transportation_Authority_(Tri-Rail)__mdb_mdb-333
[252/820] Florida__South_Florida_Regional_Transportation_Authority__mdb_tld-492
[253/820] Florida__Space_Coast_Area_Transit__mdb_ntd-40063
[254/820] Florida__USF_Bull_Runner__mdb_mdb-329
[255/820] Georgia__Athens_Clarke_County_Transit__mdb_tld-4777
[256/820] Georgia__City_of_Hinesville,_Georgia__mdb_ntd-40193
[257/820] Georgia__CobbLinc__mdb_mdb-3193
[258/820] Georgia__Concho_Valley_Transit_District__mdb_tld-5864
[259/820] Georgia__Connect_Douglas__mdb_tld-5551
[260/820] Georgia__Georgia_Tech_Stinger_Bus__mdb_tld-478_1
[261/820] Georgia__Gwinnett_County_Transit__mdb_mdb-2241
[262/820] Georgia__METRA__mdb_ntd-40024
[263/820] Georgia__Rochester_Institute_of_Technology__mdb_tld-5863
[264/820] Georgia__University_of_Georgia__mdb_tld-2276
[265/820] Hawaii__Maui_County_Transit__mdb_ntd-90241
[266/820] Hawaii__The_Kauai_Bus__mdb_ntd-90237
[267/820] Hawaii__TheBus__mdb_mdb-2350
[268/820] Idaho__Citylink_North_(Kootenai_County)__mdb_tld-4791
[269/820] Idaho__Citylink_South_(Kootenai_County)__mdb_tld-4792
[270/820] Idaho__Lewiston_Transit_System_and_Asotin_County_Public_Transportation_Benefit_Area_(PTBA)__mdb_mdb-2298
[271/820] Idaho__Mountain_Rides_Transportation_Authority_(MRTA)__mdb_mdb-2282
[272/820] Idaho__Pocatello_Regional_Transit__mdb_mdb-171
[273/820] Idaho__Valley_Regional_Transit__mdb_mdb-142
[274/820] Illinois__Champaign-Urbana_Mass_Transit_District__mdb_ntd-50060
[275/820] Illinois__Chicago_Transit_Authority_(CTA)__mdb_mdb-389
[276/820] Illinois__Chicago_Water_Taxi__mdb_mdb-306
[277/820] Illinois__City_of_Galesburg__mdb_ntd-50502
[278/820] Illinois__Connect_Transit__mdb_mdb-2267
[279/820] Illinois__Decatur_Public_Transit_System__mdb_tld-7036
[280/820] Illinois__DeKalb_Public_Transit__mdb_mdb-308
[281/820] Illinois__Greater_Peoria_Mass_Transit_(CityLink)__mdb_mdb-2208
[282/820] Illinois__JAX_Mass_Transit_District__mdb_mdb-3408
[283/820] Illinois__Metra__mdb_mdb-2854
[284/820] Illinois__Pace_Bus__mdb_mdb-2347
[285/820] Illinois__South_Shore_Line__mdb_mdb-585
[286/820] Illinois__Springfield_Mass_Transit_District_(SMTD)__mdb_mdb-3187
[287/820] Illinois__University_of_Chicago__mdb_tld-4472
[288/820] Indiana__Bloomington_Transit__mdb_mdb-2066
[289/820] Indiana__Central_Indiana_Regional_Transportation_Authority,_Access_Johnson_County__mdb_ntd-50209
[290/820] Indiana__Citilink__mdb_mdb-2266
[291/820] Indiana__City_of_Kokomo__mdb_ntd-50145
[292/820] Indiana__CityBus_of_Greater_Lafayette_Indiana_(CityBus)__mdb_mdb-391
[293/820] Indiana__Gary_Public_Transportation_Corporation__mdb_tld-4129
[294/820] Indiana__Interurban_Trolley__mdb_mdb-571
[295/820] Indiana__South_Bend_Public_Transportation_Corporation__mdb_tld-7019
[296/820] Indiana__Transit_Authority_of_River_City_(TARC)__mdb_mdb-2662
[297/820] Indiana__Valparaiso_Transit__mdb_mdb-620
[298/820] Iowa__10-15_Transit__mdb_mdb-195
[299/820] Iowa__Bettendorf_Transit__mdb_mdb-1826
[300/820] Iowa__Burlington_Urban_Service__mdb_mdb-199
[301/820] Iowa__Cedar_Rapids_Transit__mdb_mdb-198
[302/820] Iowa__Clinton_Municipal_Transit_Administration_(Clinton_MTA)__mdb_mdb-202
[303/820] Iowa__Coralville_Transit__mdb_mdb-196
[304/820] Iowa__CorridorRides__mdb_mdb-316
[305/820] Iowa__CyRide__mdb_mdb-923
[306/820] Iowa__Des_Moines_Area_Regional_Transit_Authority_(DART)__mdb_mdb-193
[307/820] Iowa__Dodger_Area_Rapid_Transit__mdb_mdb-203
[308/820] Iowa__Iowa_City_Transit_System__mdb_mdb-559
[309/820] Iowa__Marshalltown_Municipal_Transit__mdb_mdb-194
[310/820] Iowa__Mason_City_Public_Transit__mdb_mdb-204
[311/820] Iowa__Metropolitan_Transit_Authority_of_Black_Hawk_County__mdb_mdb-2414
[312/820] Iowa__MuscaBus__mdb_mdb-200
[313/820] Iowa__Sioux_City_Transit_System__mdb_mdb-191
[314/820] Iowa__The_Jule__mdb_mdb-2083
[315/820] Iowa__University_of_Iowa_-_CAMBUS_(CAMBUS)__mdb_mdb-197
[316/820] Kansas__Developmental_Services_of_NW_Kansas_ACCESS_Transportation__mdb_ntd-70060
[317/820] Kansas__Flint_Hills_Area_Transportation_Agency__mdb_tld-4273
[318/820] Kansas__Johnson_County_Transit__mdb_mdb-2303
[319/820] Kansas__Kansas_City_Area_Transportation_Authority_(KCATA)__mdb_mdb-187
[320/820] Kansas__KU_on_Wheels_&_Lawrence_Transit_System__mdb_mdb-2063
[321/820] Kansas__KU_on_Wheels_&_Lawrence_Transit_System__mdb_tld-1039
[322/820] Kansas__Reno_County_Area_Transit__mdb_tld-6670
[323/820] Kansas__Topeka_Metro__mdb_tld-1660_1
[324/820] Kentucky__Blue_Grass_Community_Action_Partnership__mdb_mdb-362
[325/820] Kentucky__City_of_Bowling_Green__mdb_ntd-40184
[326/820] Kentucky__City_of_Maysville__mdb_ntd-41032
[327/820] Kentucky__Lextran__mdb_mdb-2067
[328/820] Kentucky__Transit_Authority_of_Northern_Kentucky_(TANK)__mdb_mdb-2068
[329/820] Louisiana__Capital_Area_Transit_System_(CATS)__mdb_mdb-2065
[330/820] Louisiana__Good_Earth_Transit__mdb_ntd-60080
[331/820] Louisiana__Lake_Charles_Transit__mdb_ntd-60023
[332/820] Louisiana__New_Orleans_Regional_Transit_Authority_(NORTA)__mdb_ntd-60032
[333/820] Louisiana__Shreveport_and_Bossier_City__mdb_mdb-1060
[334/820] Louisiana__St._Bernard_Parish__mdb_ntd-60058
[335/820] Maine__Acadia_National_Park__mdb_tld-6900
[336/820] Maine__Bangor_Community_Connector__mdb_tld-7824
[337/820] Maine__Biddeford_Saco_Old_Orchard_Beach_Transit__mdb_tld-4756
[338/820] Maine__Greater_Portland_Metro_Bus__mdb_mdb-2642
[339/820] Maine__Lakes_Region_Explorer__mdb_mdb-452
[340/820] Maine__West's_Bus_Service__mdb_tld-7870
[341/820] Maryland__Annapolis_Transit__mdb_mdb-2285
[342/820] Maryland__Cecil_Transit__mdb_mdb-3178
[343/820] Maryland__Frederick_County_TransIT__mdb_mdb-2432
[344/820] Maryland__Harbor_Connector__mdb_mdb-618
[345/820] Maryland__Maryland_Transit_Administration__mdb_mdb-466
[346/820] Maryland__Maryland_Transit_Administration__mdb_mdb-469
[347/820] Maryland__Maryland_Transit_Administration_Metro_Subway__mdb_mdb-470
[348/820] Maryland__Montgomery_County_Department_of_Transportation_(Ride_On)__mdb_mdb-488
[349/820] Maryland__Prince_George's_County_(The_Bus)__mdb_mdb-477
[350/820] Maryland__rabbittransit__mdb_tld-223
[351/820] Maryland__Regional_Transportation_Agency_of_Central_Maryland_(RTA)__mdb_mdb-489
[352/820] Maryland__Saint_Maryʼs_Transit_System__mdb_mdb-2268
[353/820] Maryland__Towson_Loop__mdb_mdb-1784
[354/820] Maryland__Washington_County_Transit__mdb_mdb-2286
[355/820] Massachusetts__Bay_State_Cruise_Company__mdb_mdb-435
[356/820] Massachusetts__Berkshire_Regional_Transit_Authority_(BRTA)__mdb_mdb-537
[357/820] Massachusetts__Block_Island_Ferry__mdb_mdb-554
[358/820] Massachusetts__Blue_Apple_Bus_Company__mdb_mdb-2299
[359/820] Massachusetts__Boston_Harbor_Island_National_Recreation_Area__mdb_mdb-3416
[360/820] Massachusetts__Boston_Harbor_Islands_Ferry__mdb_mdb-2679
[361/820] Massachusetts__Brockton_Area_Transit_Authority_(BAT)__mdb_mdb-422
[362/820] Massachusetts__Brockton_Area_Transit_Authority__mdb_ntd-10004
[363/820] Massachusetts__Cape_Ann_Transportation_Authority_(CATA)__mdb_mdb-447
[364/820] Massachusetts__Cape_Cod_Regional_Transportation_Authority_(Cape_Cod_RTA)__mdb_mdb-645
[365/820] Massachusetts__Cuttyhunk_Ferry_Company__mdb_mdb-423
[366/820] Massachusetts__Franklin_Regional_Transit_Authority_(FRTA)__mdb_mdb-429
[367/820] Massachusetts__Freedom_Cruise_Line__mdb_mdb-425
[368/820] Massachusetts__Green_Mountain_Community_Network_(GMCN)__mdb_mdb-539
[369/820] Massachusetts__Hy-Line_Cruises__mdb_mdb-427
[370/820] Massachusetts__Lowell_Regional_Transit_Authority_(LRTA)__mdb_mdb-444
[371/820] Massachusetts__Martha's_Vineyard_Transit_Authority__mdb_mdb-420
[372/820] Massachusetts__Massachusetts_Bay_Transportation_Authority_(MBTA)__mdb_mdb-437
[373/820] Massachusetts__Massport__mdb_mdb-441
[374/820] Massachusetts__Merrimack_Valley_Regional_Transit_Authority_(MVRTA)__mdb_mdb-445
[375/820] Massachusetts__MetroWest_Regional_Transit_Authority_(MWRTA)__mdb_mdb-439
[376/820] Massachusetts__Middlesex_3_TMA__mdb_mdb-442
[377/820] Massachusetts__Montachusett_Regional_Transit_Authority_(MART)__mdb_mdb-433
[378/820] Massachusetts__Nantucket_Regional_Transit_Authority_(WAVE)__mdb_mdb-426
[379/820] Massachusetts__Patriots_Party_Boats__mdb_mdb-424
[380/820] Massachusetts__Plymouth_&_Brockton_Street_Railway_Co__mdb_mdb-556
[381/820] Massachusetts__Rhode_Island_Public_Transit_Authority__mdb_mdb-624
[382/820] Massachusetts__Southeastern_Regional_Transit_Authority_(SRTA)__mdb_mdb-421
[383/820] Massachusetts__Vineyard_Fast_Ferry__mdb_mdb-419
[384/820] Michigan__Ann_Arbor_Area_Transportation_Authority_(TheRide)__mdb_mdb-415
[385/820] Michigan__Bay_Area_Transportation_Authority__mdb_mdb-2254
[386/820] Michigan__Bay_Metropolitan_Transit_Authority__mdb_ntd-50029
[387/820] Michigan__Blue_Water_Area_Transit__mdb_tld-7035
[388/820] Michigan__Capital_Area_Transportation_Authority_(CATA)__mdb_mdb-402
[389/820] Michigan__Detroit_People_Mover__mdb_mdb-2281
[390/820] Michigan__Froggy_Transportation__mdb_mdb-2216
[391/820] Michigan__Kalamazoo_Metro_Transit__mdb_tld-674
[392/820] Michigan__Lake_Erie_Transit__mdb_tld-6883
[393/820] Michigan__Macatawa_Area_Express__mdb_tld-5873
[394/820] Michigan__Mass_Transportation_Authority_Flint__mdb_mdb-2287
[395/820] Michigan__Muskegon_Area_Transit_System__mdb_tld-4831
[396/820] Michigan__Suburban_Mobility_Authority_for_Regional_Transit_(SMART)__mdb_mdb-414
[397/820] Michigan__The_Rapid__mdb_mdb-400
[398/820] Michigan__University_of_Michigan_Transit_Services__mdb_mdb-2072
[399/820] Minnesota__Brown_County_Heartland_Express__mdb_mdb-2037
[400/820] Minnesota__Brown_County_Heartland_Express__mdb_mdb-2296
[401/820] Minnesota__Central_Community_Transit__mdb_mdb-2301
[402/820] Minnesota__Community_Transit__mdb_tld-5761
[403/820] Minnesota__Duluth_Transit__mdb_mdb-301
[404/820] Minnesota__Hiawathaland_Transit__mdb_mdb-2859
[405/820] Minnesota__Mankato_Transit_System__mdb_ntd-50205
[406/820] Minnesota__Metro_Transit__mdb_mdb-205
[407/820] Minnesota__Minnesota_Valley_Transit_Authority_(MVTA)__mdb_mdb-206
[408/820] Minnesota__SMART__mdb_tld-5753
[409/820] Minnesota__St._Cloud_Metropolitan_Transit_Commission__mdb_ntd-50028
[410/820] Mississippi__City_of_Hattiesburg__mdb_ntd-40060
[411/820] Mississippi__City_of_Jackson_(JTRAN)__mdb_mdb-2652
[412/820] Mississippi__Gulf_Islands_National_Seashore__mdb_mdb-3210
[413/820] Mississippi__National_Park_Service__mdb_tld-6677
[414/820] Missouri__City_of_Jefferson__mdb_ntd-70043
[415/820] Missouri__Metro_St._Louis__mdb_mdb-2035
[416/820] Montana__Billings_Metropolitan_Transit__mdb_tld-5893
[417/820] Montana__Mountain_Line__mdb_mdb-292
[418/820] Montana__Park_County_Transit__mdb_ntd-88293
[419/820] Montana__Streamline__mdb_mdb-295
[420/820] Montana__Sunny_Valley_Transit_(Demo)__mdb_mdb-3473
[421/820] Nebraska__North_Fork_Area_Transit__mdb_tld-4469
[422/820] Nebraska__Omaha_Metro__mdb_mdb-2261
[423/820] Nebraska__Open_Plains_Transit__mdb_tld-6708
[424/820] Nebraska__StarTran__mdb_mdb-2269
[425/820] Nevada__Jump_Around_Carson__mdb_tld-688
[426/820] Nevada__Regional_Transportation_Commission_(RTC)__mdb_mdb-120
[427/820] Nevada__Regional_Transportation_Commission_of_Southern_Nevada_(RTC)__mdb_mdb-2351
[428/820] Nevada__Sage_Stage__mdb_mdb-113
[429/820] New_Hampshire__Advance_Transit__mdb_mdb-631
[430/820] New_Hampshire__City_Express__mdb_ntd-10159
[431/820] New_Hampshire__Cooperative_Alliance_For_Seacoast_Transportation__mdb_tld-4668
[432/820] New_Hampshire__Dartmouth_College__mdb_mdb-1958
[433/820] New_Hampshire__Manchester_Transit_Authority__mdb_mdb-3432
[434/820] New_Hampshire__Rural_Community_Transportation_(RCT)__mdb_mdb-448
[435/820] New_Hampshire__Tri-Valley_Transit__mdb_mdb-852
[436/820] New_Jersey__Academy_Lines__mdb_ntd-20122
[437/820] New_Jersey__Coach_USA_Erie,_Orange_Westchester_Link,_ShortLine_Hudson,_Suburban_Transit,_Community_Coach,_Rockland_Coaches,_Newark_A__mdb_tld-5741
[438/820] New_Jersey__Cross_County_Connection__mdb_ntd-20208
[439/820] New_Jersey__Fullington_Trailways__mdb_tld-4379
[440/820] New_Jersey__Megabus__mdb_mdb-2321
[441/820] New_Jersey__New_Jersey_Transit_(NJ_Transit)__mdb_mdb-508
[442/820] New_Jersey__New_Jersey_Transit_(NJ_Transit)__mdb_mdb-509
[443/820] New_Jersey__NY_Waterway__mdb_mdb-3192
[444/820] New_Jersey__Somerset_County__mdb_ntd-20209
[445/820] New_Jersey__Statue_of_Liberty_National_Monument__mdb_tld-6909
[446/820] New_Jersey__Sussex_County_Skylands_Ride__mdb_ntd-20950
[447/820] New_Mexico__A_Shiwi_Transit__mdb_ntd-66242
[448/820] New_Mexico__ABQ_RIDE__mdb_mdb-166
[449/820] New_Mexico__Atomic_City_Transit__mdb_mdb-1240
[450/820] New_Mexico__Bandalier_National_Monument__mdb_tld-6902
[451/820] New_Mexico__City_of_Hobbs__mdb_ntd-60190
[452/820] New_Mexico__Navajo_Transit_System__mdb_mdb-2346
[453/820] New_Mexico__NMDOT_Park_and_Ride__mdb_tld-5537
[454/820] New_Mexico__North_Central_Regional_Transit_District__mdb_tld-1319
[455/820] New_Mexico__Red_Apple_Transit__mdb_mdb-160
[456/820] New_Mexico__RoadRUNNER_Transit__mdb_mdb-2075
[457/820] New_York__Access_Allegany__mdb_mdb-531
[458/820] New_York__Adirondack_Trailways,_New_York_Trailways,_Pine_Hill_Trailways,_Burlington_Trailways__mdb_ntd-20177
[459/820] New_York__Adirondack_Trailways__mdb_tld-5781
[460/820] New_York__Adirondack_Trailways_ADP__mdb_mdb-823
[461/820] New_York__Adirondack_Trailways_NYP__mdb_mdb-824
[462/820] New_York__Birnie_Bus__mdb_mdb-233
[463/820] New_York__Broome_County_Transit_(B.C._Transit)__mdb_mdb-2079
[464/820] New_York__Centro__mdb_mdb-534
[465/820] New_York__Chautauqua_Area_Regional_Transit_System_(CARTS)__mdb_mdb-304
[466/820] New_York__Chemung_County_(C-TRAN)__mdb_ntd-20005
[467/820] New_York__Chenango_First_Transit__mdb_mdb-536
[468/820] New_York__City_Of_Glen_Cove__mdb_tld-5787
[469/820] New_York__City_of_Long_Beach_Transportation__mdb_mdb-916
[470/820] New_York__City_of_Mechanicville_Public_Transit__mdb_mdb-541
[471/820] New_York__Clarkstown_MiniTrans__mdb_mdb-911
[472/820] New_York__Clinton_County_Public_Transit_(CCPT)__mdb_mdb-544
[473/820] New_York__Columbia_County_Public_Transportation__mdb_mdb-3116
[474/820] New_York__Connect_Niagara__mdb_tld-5791
[475/820] New_York__Corning_Erwin_Area_Transit_System_(CEATS)__mdb_mdb-302
[476/820] New_York__Downtown_Alliance__mdb_mdb-519
[477/820] New_York__Dutchess_County__mdb_mdb-457
[478/820] New_York__Endless_Mountains_Transportation_Authority__mdb_tld-7021
[479/820] New_York__Fullington_Trailways__mdb_tld-5783
[480/820] New_York__Gloversville_Transit_System__mdb_mdb-2650
[481/820] New_York__Greene_County_Transit__mdb_mdb-613
[482/820] New_York__Hornell_Area_Transit__mdb_mdb-532
[483/820] New_York__Huntington_Area_Rapid_Transit_(HART)__mdb_mdb-905
[484/820] New_York__Jefferson_County_Public_Transit_(JCPT)__mdb_mdb-3392
[485/820] New_York__Lake_Champlain_Ferries__mdb_mdb-547
[486/820] New_York__Leprechaun_Lines__mdb_mdb-910
[487/820] New_York__Lewis_County_Public_Transportation__mdb_mdb-566
[488/820] New_York__Lower_Hudson_Valley_Transit__mdb_mdb-915
[489/820] New_York__Madison_County_Transit__mdb_mdb-573
[490/820] New_York__Mercy_College__mdb_tld-4465
[491/820] New_York__Metropolitan_Transit_Authority_(MTA)__mdb_mdb-507
[492/820] New_York__Metropolitan_Transit_Authority_(MTA)__mdb_mdb-510
[493/820] New_York__Metropolitan_Transit_Authority_(MTA)__mdb_mdb-511
[494/820] New_York__Metropolitan_Transit_Authority_(MTA)__mdb_mdb-512
[495/820] New_York__Metropolitan_Transit_Authority_(MTA)__mdb_mdb-513
[496/820] New_York__Metropolitan_Transit_Authority_(MTA)__mdb_mdb-514
[497/820] New_York__Metropolitan_Transit_Authority_(MTA)__mdb_mdb-516
[498/820] New_York__Metropolitan_Transit_Authority_(MTA)__mdb_mdb-520
[499/820] New_York__Metropolitan_Transit_Authority_(MTA)__mdb_mdb-528
[500/820] New_York__MTA_Metro-North_Railroad__mdb_tld-5788
[501/820] New_York__Nassau_Inter-County_Express_(NICE_Bus)__mdb_mdb-521
[502/820] New_York__Niagara_Frontier_Transportation_Authority__mdb_tld-401
[503/820] New_York__Niagara_Frontier_Transportation_Authority__mdb_tld-6748
[504/820] New_York__North_Country_Express_Transit__mdb_mdb-546
[505/820] New_York__NYC_Ferry__mdb_mdb-515
[506/820] New_York__Olean_Area_Transit_System__mdb_mdb-586
[507/820] New_York__Oneonta_Public_Transit__mdb_tld-6777
[508/820] New_York__Otsego_Express_Public_Transportation__mdb_mdb-589
[509/820] New_York__PART_Putnam_Area_Rapid_Transit__mdb_mdb-928
[510/820] New_York__Propark_Mobility,_Columbia_County_Public_Transportation__mdb_tld-6745
[511/820] New_York__Rensselaer_County_(Yankee_Trails)__mdb_mdb-804
[512/820] New_York__Rochester-Genesee_Regional_Transportation_Authority_(RGRTA)__mdb_mdb-533
[513/820] New_York__Rochester-Genesee_Regional_Transportation_Authority__mdb_tld-1200
[514/820] New_York__Rochester-Genesee_Regional_Transportation_Authority__mdb_tld-1201
[515/820] New_York__Rochester-Genesee_Regional_Transportation_Authority__mdb_tld-7040
[516/820] New_York__Rochester-Genesee_Regional_Transportation_Authority__mdb_tld-7041
[517/820] New_York__Rochester-Genesee_Regional_Transportation_Authority__mdb_tld-7042
[518/820] New_York__Rochester-Genesee_Regional_Transportation_Authority__mdb_tld-7043
[519/820] New_York__Rochester_Transit_Service__mdb_mdb-3114
[520/820] New_York__Roosevelt_Island_Operating_Corporation_Tramway__mdb_tld-3364
[521/820] New_York__Schoharie_County_Transit__mdb_tld-5877
[522/820] New_York__SeaStreak_Ferries__mdb_ntd-20226
[523/820] New_York__Seneca_Transit_System__mdb_ntd-22929
[524/820] New_York__St_Lawrence_County_Public_Transit__mdb_mdb-2611
[525/820] New_York__Staten_Island_Ferry__mdb_mdb-518
[526/820] New_York__Steuben_County_Transit__mdb_mdb-851
[527/820] New_York__Suffolk_County_Transit__mdb_mdb-3115
[528/820] New_York__Sullivan_County_Transit__mdb_mdb-927
[529/820] New_York__Tompkins_Consolidated_Area_Transit_Inc__mdb_mdb-535
[530/820] New_York__Transport_of_Rockland__mdb_tld-3368
[531/820] New_York__Ulster_County_Area_Transit__mdb_mdb-526
[532/820] New_York__Watertown_Citibus__mdb_mdb-2881
[533/820] New_York__Watertown_Citibus__mdb_mdb-871
[534/820] North_Carolina__Asheville_Rides_Transit__mdb_mdb-903
[535/820] North_Carolina__Cape_Lookout_National_Seashore__mdb_mdb-3205
[536/820] North_Carolina__Capital_Area_Transit_(GoRaleigh)__mdb_mdb-2074
[537/820] North_Carolina__Chapel_Hill_Transit__mdb_tld-89
[538/820] North_Carolina__Charlotte_Area_Transit_System_(CATS)__mdb_mdb-2265
[539/820] North_Carolina__City_of_Jacksonville__mdb_tld-6735
[540/820] North_Carolina__Concord_Kannapolis_Area_Transit_(Rider_Transit)__mdb_mdb-2244
[541/820] North_Carolina__Davidson_County_Transportation_Services__mdb_ntd-40131
[542/820] North_Carolina__GoCary__mdb_mdb-2277
[543/820] North_Carolina__GoDurham__mdb_tld-98
[544/820] North_Carolina__GoTriangle__mdb_mdb-3183
[545/820] North_Carolina__Link_Transit__mdb_mdb-1971
[546/820] North_Carolina__North_Carolina_State_University_(NCSU)__mdb_mdb-2245
[547/820] North_Carolina__Orange_County_Public_Transportation__mdb_tld-7885
[548/820] North_Carolina__Piedmont_Authority_for_Regional_Transportation_(PART)__mdb_mdb-373
[549/820] North_Carolina__Research_Triangle_Regional_Public_Transportation_Authority__mdb_tld-202
[550/820] North_Carolina__Tar_River_Transit__mdb_mdb-472
[551/820] North_Carolina__Wave_Transit__mdb_mdb-1110
[552/820] North_Carolina__Winston_Salem_Transit_Authority_(WSTA)__mdb_mdb-3479
[553/820] North_Dakota__Bis-Man_Transit__mdb_tld-6095
[554/820] North_Dakota__Cities_Area_Transit__mdb_mdb-2199
[555/820] North_Dakota__City_of_Fargo__mdb_ntd-80003
[556/820] Ohio__Akron_Metro_Regional_Transit_Authority_(METRO)__mdb_mdb-2071
[557/820] Ohio__Allen_County_Regional_Transit_Authority__mdb_mdb-210
[558/820] Ohio__Central_Ohio_Transit_Authority_(COTA)__mdb_mdb-404
[559/820] Ohio__Cincinnati_Metro__mdb_mdb-307
[560/820] Ohio__Greater_Cleveland_Regional_Transit_Authority__mdb_mdb-406
[561/820] Ohio__Greater_Dayton_Regional_Transit_Authority_(Greater_Dayton_RTA)__mdb_mdb-403
[562/820] Ohio__Laketran__mdb_mdb-410
[563/820] Ohio__Licking_County_Transit__mdb_ntd-50163
[564/820] Ohio__Lorain_County_Transit__mdb_tld-7039
[565/820] Ohio__Portage_Area_Regional_Transportation_Authority_(PARTA)__mdb_mdb-2256
[566/820] Ohio__Sandusky_Transit_System__mdb_tld-1213_1
[567/820] Ohio__Stark_Area_Regional_Transit_Authority_(SARTA)__mdb_mdb-2001
[568/820] Ohio__Toledo_Area_Regional_Transit_Authority__mdb_tld-1716_1
[569/820] Ohio__Western_Reserve_Transit_Authority__mdb_tld-1717
[570/820] Oklahoma__Campus_Area_Rapid_Transit_(CART)__mdb_mdb-182
[571/820] Oklahoma__Citylink_Edmond__mdb_tld-7841
[572/820] Oklahoma__Embark__mdb_mdb-2062
[573/820] Oklahoma__Metropolitan_Tulsa_Transit_Authority__mdb_tld-235
[574/820] Oklahoma__Oklahoma_State_University_-Stillwater_Community_Transit__mdb_ntd-60160
[575/820] Oklahoma__OSU-Stillwater_Community_Transit__mdb_tld-7941
[576/820] Oregon__Astoria_Riverfront_Trolley__mdb_mdb-1254
[577/820] Oregon__Basin_Transit_Service_(BTS)__mdb_mdb-125
[578/820] Oregon__Benton_Area_Transportation__mdb_mdb-126
[579/820] Oregon__Benton_Area_Transportation__mdb_mdb-3109
[580/820] Oregon__Buena_Vista_Ferry__mdb_mdb-834
[581/820] Oregon__Burns_Paiute_Tribal_Transit__mdb_mdb-2621
[582/820] Oregon__C-TRAN__mdb_mdb-258
[583/820] Oregon__Canby_Area_Transit_(CAT)__mdb_mdb-252
[584/820] Oregon__Canby_Ferry__mdb_mdb-605
[585/820] Oregon__Caravan_Airport_Transportation__mdb_mdb-127
[586/820] Oregon__Cascades_East_Transit__mdb_tld-170
[587/820] Oregon__Central_Oregon_Breeze__mdb_mdb-139
[588/820] Oregon__City_of_Corvallis__mdb_mdb-2283
[589/820] Oregon__City_of_Milton-Freewater_Public_Transportation__mdb_mdb-2189
[590/820] Oregon__ClackCo_Connects_(Clackamas_County)__mdb_mdb-2740
[591/820] Oregon__ClackCo_Connects_(Clackamas_County)__mdb_mdb-2741
[592/820] Oregon__ClackCo_Connects_(Clackamas_County)__mdb_mdb-312
[593/820] Oregon__Columbia_Area_Transit_(CAT)__mdb_mdb-260
[594/820] Oregon__Columbia_County_Rider__mdb_mdb-3037
[595/820] Oregon__Columbia_County_Rider__mdb_tld-4210
[596/820] Oregon__Coos_County_Area_Transit_(CCAT)__mdb_mdb-21
[597/820] Oregon__Curry_Public_Transit__mdb_mdb-22
[598/820] Oregon__Diamond_Express__mdb_mdb-130
[599/820] Oregon__Harney_County__mdb_mdb-931
[600/820] Oregon__Josephine_County_Transit_(JCT)__mdb_mdb-121
[601/820] Oregon__Let'er_Bus__mdb_mdb-590
[602/820] Oregon__Lincoln_County_Transit_(LCT)__mdb_mdb-23
[603/820] Oregon__Link_Lane__mdb_mdb-932
[604/820] Oregon__Linn_Shuttle__mdb_mdb-137
[605/820] Oregon__LINX_Transit,_Linn-Benton_Loop,_Albany_Transit_System__mdb_mdb-135
[606/820] Oregon__Malheur_Council_on_Aging_&_Community_Services__mdb_mdb-141
[607/820] Oregon__Morrow_County_Public_Transit__mdb_mdb-2418
[608/820] Oregon__Oregon_Express_Shuttle__mdb_mdb-132
[609/820] Oregon__Pacific_Crest_Bus_Lines__mdb_mdb-133
[610/820] Oregon__People_Mover__mdb_mdb-112
[611/820] Oregon__Philomath_Connection__mdb_mdb-2205
[612/820] Oregon__Quail_Trail_Public_Transit__mdb_mdb-1327
[613/820] Oregon__Rhody_Express__mdb_mdb-24
[614/820] Oregon__Ride_Connection__mdb_mdb-253
[615/820] Oregon__Rogue_Valley_Transportation_District_(RVTD)__mdb_mdb-3219
[616/820] Oregon__Sandy_Area_Metro_(SAM)__mdb_mdb-261
[617/820] Oregon__Sandy_Area_Metro_(SAM)__mdb_mdb-2739
[618/820] Oregon__South_Clackamas_Transportation_District__mdb_mdb-883
[619/820] Oregon__South_Metro_Area_Regional_Transit_(SMART)__mdb_mdb-2706
[620/820] Oregon__Sunset_Empire_Transportation_District_(SETD),_Tillamook_County_Transportation_District,_Columbia_County_Rider__mdb_mdb-246
[621/820] Oregon__Sunset_Empire_Transportation_District__mdb_tld-4211
[622/820] Oregon__Swan_Island_Evening_Shuttle__mdb_mdb-255
[623/820] Oregon__TriMet,_Portland_Streetcar__mdb_mdb-247
[624/820] Oregon__Wahkiakum_Ferry__mdb_mdb-2193
[625/820] Oregon__Wallowa_Community_Connection_(WCC),_Northeast_Oregon_Public_Transit__mdb_mdb-289
[626/820] Oregon__Washington_Park_Shuttle__mdb_mdb-254
[627/820] Oregon__Wheatland_Ferry__mdb_mdb-833
[628/820] Oregon__Woodburn_Transit_Service_(WTS)__mdb_mdb-251
[629/820] Oregon__Yamhill_County_Transit_Area__mdb_mdb-250
[630/820] Pennsylvania__Altoona_Metro_Transit__mdb_tld-4669
[631/820] Pennsylvania__Area_Transit_Authority__mdb_tld-4551
[632/820] Pennsylvania__Beaver_County_Transit_Authority__mdb_mdb-2262
[633/820] Pennsylvania__Berks_Area_Regional_Transportation_Authority_(BARTA)__mdb_mdb-2064
[634/820] Pennsylvania__Borough_of_Mt._Carmel__mdb_ntd-30116
[635/820] Pennsylvania__Butler_Transit_Authority__mdb_tld-4659
[636/820] Pennsylvania__Cambria_County_Transit_Authority__mdb_tld-4671
[637/820] Pennsylvania__Capital_Area_Transit__mdb_tld-4298
[638/820] Pennsylvania__Centre_Area_Transportation_Authority_(CATABUS)__mdb_ntd-30054
[639/820] Pennsylvania__Centre_County_Transit_Authority__mdb_tld-4771
[640/820] Pennsylvania__County_of_Lackawanna_Transit_System__mdb_tld-4553
[641/820] Pennsylvania__Crawford_Area_Transportation_Authority__mdb_tld-4674
[642/820] Pennsylvania__Fayette_Area_Coordinated_Transportation__mdb_tld-7027
[643/820] Pennsylvania__Freedom_Transit__mdb_tld-4134
[644/820] Pennsylvania__Hazleton_Public_Transit__mdb_tld-4665
[645/820] Pennsylvania__Indiana_County_Transit_Authority__mdb_tld-4661
[646/820] Pennsylvania__Lebanon_Transit__mdb_tld-5531
[647/820] Pennsylvania__Lehigh_and_Northampton_Transportation_Authority_(LANTA)__mdb_ntd-30010
[648/820] Pennsylvania__Lower_Anthracite_Transit_System__mdb_tld-7023
[649/820] Pennsylvania__Luzerne_County_Transportation_Authority__mdb_tld-4555
[650/820] Pennsylvania__Mid_Mon_Valley_Transit_Authority__mdb_tld-5503
[651/820] Pennsylvania__Monroe_County_Transportation_Authority_(MCTA)__mdb_mdb-3460
[652/820] Pennsylvania__New_Castle_Area_Transit_Authority__mdb_tld-7030
[653/820] Pennsylvania__PATCO_Speedline__mdb_mdb-3035
[654/820] Pennsylvania__PHLASH__mdb_mdb-2877
[655/820] Pennsylvania__Port_Authority_of_Allegheny_County__mdb_mdb-409
[656/820] Pennsylvania__Pottstown_Area_Rapid_Transit__mdb_tld-7025
[657/820] Pennsylvania__Red_Rose_Transit_Authority_(RRTA)__mdb_mdb-2000
[658/820] Pennsylvania__River_Valley_Transit__mdb_tld-4548
[659/820] Pennsylvania__Schuylkill_Transportation_System__mdb_tld-4688
[660/820] Pennsylvania__Shenango_Valley_Shuttle_Service__mdb_tld-4663
[661/820] Pennsylvania__Trans-Bridge_Lines__mdb_ntd-20169
[662/820] Pennsylvania__Transit_Authority_of_Warren_County__mdb_ntd-30124
[663/820] Pennsylvania__Transportation_Management_Association_of_Chester_County_(TMACC)__mdb_mdb-3130
[664/820] Pennsylvania__Upper_Merion_Rambler__mdb_mdb-3036
[665/820] Pennsylvania__Westmoreland_County_Transit_Authority__mdb_tld-6785
[666/820] Puerto_Rico__Municipality_of_Bayamon__mdb_ntd-40137
[667/820] South_Carolina__Charleston_Area_Regional_Transportation_Authority_(CARTA)__mdb_mdb-352
[668/820] South_Carolina__Fort_Sumter_and_Fort_Moultrie_National_Historical_Park__mdb_tld-6906
[669/820] South_Carolina__Greenlink__mdb_tld-490
[670/820] South_Carolina__My_Ride_Rock_Hill__mdb_tld-6741
[671/820] South_Carolina__The_Comet__mdb_mdb-2209
[672/820] South_Carolina__TriCounty_Link__mdb_ntd-40206
[673/820] Tennessee__Bristol_Virginia_Transit__mdb_mdb-238
[674/820] Tennessee__Chattanooga_Area_Regional_Transportation_Authority_(CARTA)__mdb_mdb-3474
[675/820] Tennessee__City_of_Bristol_Tennessee__mdb_ntd-40055
[676/820] Tennessee__City_of_Gatlinburg_Trolley__mdb_tld-6775
[677/820] Tennessee__City_of_Kingsport__mdb_ntd-40080
[678/820] Tennessee__City_of_Pigeon_Forge__mdb_ntd-41136
[679/820] Tennessee__Cleveland_Urban_Area_Transit_System__mdb_tld-7827
[680/820] Tennessee__Franklin_Transit_Authority__mdb_mdb-361
[681/820] Tennessee__Jackson_Transit_Authority__mdb_mdb-2313
[682/820] Tennessee__Johnson_City__mdb_ntd-40054
[683/820] Tennessee__Knoxville_Area_Transit_(KAT)__mdb_mdb-1121
[684/820] Tennessee__Nashville_MTA_WeGo_Public_Transit__mdb_mdb-360
[685/820] Texas__Brownsville_Metro__mdb_tld-7927
[686/820] Texas__Capital_Metro__mdb_mdb-150
[687/820] Texas__Citibus__mdb_mdb-569
[688/820] Texas__City_of_Longview__mdb_ntd-60081
[689/820] Texas__Dallas_Area_Rapid_Transit_(DART)__mdb_mdb-152
[690/820] Texas__El_Metro_Transit__mdb_tld-7038
[691/820] Texas__El_Paso_Transportation_Authority__mdb_mdb-3419
[692/820] Texas__EZ_Rider__mdb_mdb-2634
[693/820] Texas__Fort_Bend_County,_Texas__mdb_ntd-60103
[694/820] Texas__Galveston_Island_Transit__mdb_mdb-2861
[695/820] Texas__McKinney_Avenue_Transit_Authority__mdb_ntd-60133
[696/820] Texas__METRO_Houston__mdb_mdb-2060
[697/820] Texas__Metro_McAllen__mdb_ntd-60099
[698/820] Texas__Midland-Odessa_Urban_Transit_District__mdb_ntd-60097
[699/820] Texas__STAR_Transit__mdb_mdb-153
[700/820] Texas__Texarkana_Urban_Transit_District_(T-Line_Bus)__mdb_ntd-60093
[701/820] Texas__VIA_Metropolitan_Transit__mdb_tld-217
[702/820] Utah__Bryce_Canyon_National_Park_Shuttle__mdb_tld-6675
[703/820] Utah__Cache_Valley_Transit_District__mdb_ntd-80028
[704/820] Utah__High_Valley_Transit__mdb_tld-7037
[705/820] Utah__SunTran_Utah__mdb_mdb-111
[706/820] Utah__Utah_Transit_Authority_(UTA)__mdb_mdb-170
[707/820] Utah__Ute_Tribe_Public_Transit__mdb_ntd-88200
[708/820] Utah__Zion_National_Park__mdb_tld-6682
[709/820] Vermont__Amtrak_Vermonter__mdb_mdb-2297
[710/820] Vermont__Chittenden_County_Transportation_Authority_(CCTA)__mdb_mdb-629
[711/820] Vermont__Marble_Valley_Regional_Transit_District_(MVRTD)__mdb_mdb-2831
[712/820] Vermont__Marble_Valley_Regional_Transit_District_(MVRTD)__mdb_mdb-430
[713/820] Vermont__Rockingham_MOOver__mdb_mdb-2194
[714/820] Vermont__Rural_Community_Transportation_(RCT)__mdb_mdb-2882
[715/820] Vermont__Vermont_Translines__mdb_mdb-450
[716/820] Vermont__VTrans__mdb_mdb-2884
[717/820] Virginia__Alexandria_Transit_Company_(DASH)__mdb_mdb-482
[718/820] Virginia__Altavista_Community_Transit_System__mdb_mdb-882
[719/820] Virginia__Arlington_Transit__mdb_mdb-485
[720/820] Virginia__Bay_Transit__mdb_mdb-224
[721/820] Virginia__Bay_Transit__mdb_mdb-2439
[722/820] Virginia__Blackstone_Area_Bus_Service__mdb_mdb-235
[723/820] Virginia__Charlottesville_Area_Transit_(CAT)__mdb_mdb-3493
[724/820] Virginia__Danville_Transit__mdb_mdb-2440
[725/820] Virginia__Danville_Transit__mdb_tld-4145
[726/820] Virginia__Fairfax_CUE_Bus_(CUE)__mdb_mdb-2885
[727/820] Virginia__Farmville_Area_Bus__mdb_mdb-461
[728/820] Virginia__Four_County_Transit__mdb_mdb-2308
[729/820] Virginia__Four_County_Transit__mdb_mdb-2448
[730/820] Virginia__Graham_Transit__mdb_mdb-611
[731/820] Virginia__Greater_Lynchburg_Transit_Co__mdb_mdb-381
[732/820] Virginia__Greensville_Emporia_Transit__mdb_mdb-463
[733/820] Virginia__Hampton_Roads_Transit_(HRT)__mdb_mdb-473
[734/820] Virginia__Jaunt__mdb_mdb-3492
[735/820] Virginia__Loudoun_County_Transit__mdb_mdb-1053
[736/820] Virginia__Mountain_Lynx_Transit__mdb_mdb-334
[737/820] Virginia__Petersburg_Area_Transit__mdb_mdb-2441
[738/820] Virginia__Petersburg_Area_Transit__mdb_mdb-591
[739/820] Virginia__Pony_Express__mdb_mdb-828
[740/820] Virginia__Potomac_and_Rappahannock_Transportation_Commission_(PRTC)_Omniride__mdb_mdb-1156
[741/820] Virginia__Pulaski_Area_Transit_(PAT)__mdb_mdb-2198
[742/820] Virginia__RADAR__mdb_mdb-2443
[743/820] Virginia__RADAR__mdb_mdb-832
[744/820] Virginia__Radford_Transit__mdb_mdb-2415
[745/820] Virginia__STAR_Transit__mdb_mdb-2444
[746/820] Virginia__STAR_Transit__mdb_mdb-819
[747/820] Virginia__Valley_Metro__mdb_mdb-2274
[748/820] Virginia__Virginia_Regional_Transit__mdb_mdb-2445
[749/820] Virginia__Virginia_Regional_Transit__mdb_mdb-621
[750/820] Virginia__Williamsburg_Area_Transit_Authority__mdb_mdb-2649
[751/820] Virginia__WinTran__mdb_mdb-608
[752/820] Washington__Ben_Franklin_Transit__mdb_mdb-2122
[753/820] Washington__City_of_Ellensburg_Public_Transit_(Central_Transit)__mdb_mdb-2456
[754/820] Washington__City_of_Pullman__mdb_ntd-294
[755/820] Washington__Clallam_Transit_System__mdb_mdb-279
[756/820] Washington__Colville_Confederated_Tribes_Transit__mdb_mdb-2302
[757/820] Washington__Community_Transit_(CT)__mdb_mdb-287
[758/820] Washington__Elwha_Transit__mdb_mdb-2307
[759/820] Washington__Everett_Transit__mdb_mdb-3038
[760/820] Washington__Grant_Transit_Authority__mdb_mdb-2309
[761/820] Washington__Grays_Harbor_Transit__mdb_mdb-263
[762/820] Washington__Guemes_Island_Ferry__mdb_mdb-2310
[763/820] Washington__Intercity_Transit__mdb_mdb-266
[764/820] Washington__Island_Transit__mdb_mdb-280
[765/820] Washington__Jefferson_Transit_Authority__mdb_mdb-838
[766/820] Washington__King_County_Metro__mdb_mdb-1330
[767/820] Washington__Lady_of_the_Lake__mdb_mdb-2318
[768/820] Washington__Lummi_Transit__mdb_mdb-2320
[769/820] Washington__Makah_Public_Transit__mdb_mdb-2196
[770/820] Washington__Mason_Transit_Authority__mdb_mdb-264
[771/820] Washington__Metro_Transit,_Intercity_Transit,_City_of_Seattle,_Community_Transit,_Pierce_Transit,_Sound_Transit,_Washington_State_Fe__mdb_mdb-1080
[772/820] Washington__Mount_Adams_Transportation_Service__mdb_mdb-580
[773/820] Washington__Muckleshoot_Tribal_Transit__mdb_mdb-2326
[774/820] Washington__Pacific_Transit__mdb_mdb-3112
[775/820] Washington__Pahto_Public_Passage__mdb_mdb-2331
[776/820] Washington__People_for_People_(Community_Connector)__mdb_mdb-271
[777/820] Washington__Pierce_County_Ferries__mdb_tld-2289
[778/820] Washington__Pierce_Transit__mdb_mdb-265
[779/820] Washington__RiverCities_Transit_(RCT)__mdb_mdb-259
[780/820] Washington__Rural_Resources_Community_Action__mdb_tld-5751
[781/820] Washington__ruralTRANSIT__mdb_mdb-822
[782/820] Washington__Seattle_Center_Monorail__mdb_tld-2290
[783/820] Washington__Skagit_Transit__mdb_tld-5895
[784/820] Washington__Skamania_County_Transit__mdb_mdb-262
[785/820] Washington__Snoqualmie_Valley_Transportation__mdb_mdb-816
[786/820] Washington__Snow_Goose_Transit__mdb_tld-5754
[787/820] Washington__Solid_Ground__mdb_tld-5755
[788/820] Washington__Sound_Transit,_Metro_Transit,_City_of_Seattle_-_King_County_Metro__mdb_mdb-267
[789/820] Washington__Sound_Transit__mdb_mdb-268
[790/820] Washington__Special_Mobility_Services__mdb_tld-5756
[791/820] Washington__Spokane_Transit_Authority_(STA)__mdb_mdb-290
[792/820] Washington__Squaxin_Island_Transit__mdb_mdb-2197
[793/820] Washington__The_Moccasin_Express__mdb_mdb-2325
[794/820] Washington__Twin_Transit__mdb_tld-5579
[795/820] Washington__Union_Gap__mdb_mdb-277
[796/820] Washington__Valley_Transit__mdb_tld-820
[797/820] Washington__Wahkiakum_on_the_Move__mdb_mdb-249
[798/820] Washington__Washington_State_Department_of_Transportation_(WSDOT_Apple_Line)__mdb_mdb-245
[799/820] Washington__Washington_State_Ferries__mdb_mdb-1331
[800/820] Washington__Washington_State_Ferries__mdb_mdb-283
[801/820] Washington__Whatcom_Transportation_Authority__mdb_mdb-284
[802/820] Washington__Yakima_Transit__mdb_mdb-276
[803/820] West_Virginia__Country_Roads_Transit__mdb_ntd-30122
[804/820] West_Virginia__Eastern_Panhandle_Transit_Authority__mdb_tld-4459
[805/820] West_Virginia__Harpers_Ferry_National_Historical_Park__mdb_tld-6678
[806/820] West_Virginia__Kanawha_Valley_Regional_Transportation_Authority__mdb_tld-5769
[807/820] West_Virginia__Mountain_Line_Transit_Authority__mdb_mdb-407
[808/820] West_Virginia__New_River_Transit_Authority__mdb_tld-6713
[809/820] Wisconsin__Beloit_Transit_System__mdb_tld-77
[810/820] Wisconsin__Central_Transportation__mdb_tld-4757
[811/820] Wisconsin__Fond_du_Lac_Area_Transit__mdb_tld-7929
[812/820] Wisconsin__GO_Transit__mdb_mdb-397
[813/820] Wisconsin__Janesville_Transit_System__mdb_mdb-393
[814/820] Wisconsin__Metro_Ride__mdb_mdb-830
[815/820] Wisconsin__Metro_Transit_-_City_of_Madison__mdb_mdb-394
[816/820] Wisconsin__Ryde_Racine__mdb_mdb-2246
[817/820] Wisconsin__Shoreline_Metro__mdb_mdb-399
[818/820] Wisconsin__Valley_Transit_(WI)__mdb_mdb-2069
[819/820] Wyoming__Southern_Teton_Area_Rapid_Transit_(START_Bus)__mdb_ntd-80188
[820/820] Wyoming__Wind_River_Transportation_Authority__mdb_ntd-80121

Finished
GTFS feeds processed: 820
NTD matches accepted: 817
Metadata JSON: C:\Users\wilsonschutterj\Downloads\GTFS_US\agency_enriched_geojson\metadata\agency_metadata.json
Metadata CSV: C:\Users\wilsonschutterj\Downloads\GTFS_US\agency_enriched_geojson\metadata\agency_metadata.csv
Match review: C:\Users\wilsonschutterj\Downloads\GTFS_US\agency_enriched_geojson\metadata\ntd_match_review.csv
Unmatched: C:\Users\wilsonschutterj\Downloads\GTFS_US\agency_enriched_geojson\metadata\ntd_unmatched.csv
Manual overrides: C:\Users\wilsonschutterj\Downloads\GTFS_US\agency_enriched_geojson\metadata\ntd_match_overrides.csv
